// Jest Snapshot v1, https://goo.gl/fbAQLP

exports[`Test the App components renders the App correctly 1`] = `
Object {
  "asFragment": [Function],
  "baseElement": <body>
    <div>
      <div
        class="App"
      >
        <div
          class="home"
        >
          <nav
            class="nav-container"
          >
            <button
              class="back-btn btn"
              type="button"
            >
              ❰
            </button>
            <select
              id="views"
              name="views"
            >
              <option
                value="confirmed"
              >
                Confirmed Cases View
              </option>
              <option
                value="deaths"
              >
                Deaths View
              </option>
            </select>
            <div
              class="icons"
            >
              <img
                alt=""
                class="mic-icon"
                src="mic-20.png"
              />
              <button
                class="setting-btn btn"
                type="button"
              >
                ⚙
              </button>
            </div>
          </nav>
          <div
            class="cities-list"
          >
            <div
              class="country-wrapper"
            >
              <a
                class="link"
                href="/Country/Albania"
              >
                <div
                  class="country-container"
                >
                  <div
                    class="country-content"
                  >
                    <div
                      class="country-name"
                    >
                      Albania
                    </div>
                    <div
                      class="status"
                    >
                      <p
                        class="confirmed"
                      >
                        Confirmed Cases
                        <br />
                        277940
                      </p>
                    </div>
                  </div>
                </div>
              </a>
            </div>
          </div>
        </div>
      </div>
    </div>
  </body>,
  "container": <div>
    <div
      class="App"
    >
      <div
        class="home"
      >
        <nav
          class="nav-container"
        >
          <button
            class="back-btn btn"
            type="button"
          >
            ❰
          </button>
          <select
            id="views"
            name="views"
          >
            <option
              value="confirmed"
            >
              Confirmed Cases View
            </option>
            <option
              value="deaths"
            >
              Deaths View
            </option>
          </select>
          <div
            class="icons"
          >
            <img
              alt=""
              class="mic-icon"
              src="mic-20.png"
            />
            <button
              class="setting-btn btn"
              type="button"
            >
              ⚙
            </button>
          </div>
        </nav>
        <div
          class="cities-list"
        >
          <div
            class="country-wrapper"
          >
            <a
              class="link"
              href="/Country/Albania"
            >
              <div
                class="country-container"
              >
                <div
                  class="country-content"
                >
                  <div
                    class="country-name"
                  >
                    Albania
                  </div>
                  <div
                    class="status"
                  >
                    <p
                      class="confirmed"
                    >
                      Confirmed Cases
                      <br />
                      277940
                    </p>
                  </div>
                </div>
              </div>
            </a>
          </div>
        </div>
      </div>
    </div>
  </div>,
  "debug": [Function],
  "findAllByAltText": [Function],
  "findAllByDisplayValue": [Function],
  "findAllByLabelText": [Function],
  "findAllByPlaceholderText": [Function],
  "findAllByRole": [Function],
  "findAllByTestId": [Function],
  "findAllByText": [Function],
  "findAllByTitle": [Function],
  "findByAltText": [Function],
  "findByDisplayValue": [Function],
  "findByLabelText": [Function],
  "findByPlaceholderText": [Function],
  "findByRole": [Function],
  "findByTestId": [Function],
  "findByText": [Function],
  "findByTitle": [Function],
  "getAllByAltText": [Function],
  "getAllByDisplayValue": [Function],
  "getAllByLabelText": [Function],
  "getAllByPlaceholderText": [Function],
  "getAllByRole": [Function],
  "getAllByTestId": [Function],
  "getAllByText": [Function],
  "getAllByTitle": [Function],
  "getByAltText": [Function],
  "getByDisplayValue": [Function],
  "getByLabelText": [Function],
  "getByPlaceholderText": [Function],
  "getByRole": [Function],
  "getByTestId": [Function],
  "getByText": [Function],
  "getByTitle": [Function],
  "queryAllByAltText": [Function],
  "queryAllByDisplayValue": [Function],
  "queryAllByLabelText": [Function],
  "queryAllByPlaceholderText": [Function],
  "queryAllByRole": [Function],
  "queryAllByTestId": [Function],
  "queryAllByText": [Function],
  "queryAllByTitle": [Function],
  "queryByAltText": [Function],
  "queryByDisplayValue": [Function],
  "queryByLabelText": [Function],
  "queryByPlaceholderText": [Function],
  "queryByRole": [Function],
  "queryByTestId": [Function],
  "queryByText": [Function],
  "queryByTitle": [Function],
  "rerender": [Function],
  "unmount": [Function],
}
`;
